  Determining projects to restore...
  All projects are up-to-date for restore.
D:\WorkOrderApplication.API 6\WorkOrderApplication.API 6\WorkOrderApplication.API\Mappings\WorkOrderMapping.cs(25,16): error CS1729: 'WorkOrderDetailsDto' does not contain a constructor that takes 14 arguments [D:\WorkOrderApplication.API 6\WorkOrderApplication.API 6\WorkOrderApplication.API\WorkOrderApplication.API.csproj]
D:\WorkOrderApplication.API 6\WorkOrderApplication.API 6\WorkOrderApplication.API\Mappings\OrderProcessMapping.cs(20,13): warning CS8604: Possible null reference argument for parameter 'WorkOrder' in 'OrderProcessDetailsDto.OrderProcessDetailsDto(int Id, string OrderNumber, DateTime CreatedDate, DateTime? TimeToUse, string Status, int CreatedByUserId, string CreatedByName, int WorkOrderId, WorkOrderDetailsDto WorkOrder, List<OrderMaterialDetailsDto> OrderMaterials, ConfirmProcessDetailsDto? ConfirmProcess, PreparingProcessDetailsDto? PreparingProcess, ShipmentProcessDto? ShipmentProcess, ReceivedProcessDetailsDto? Receive, CancelledProcessDetailsDto? CancelledProcess, ReturnProcessDetailsDto? ReturnProcess, string? ShortageReason)'. [D:\WorkOrderApplication.API 6\WorkOrderApplication.API 6\WorkOrderApplication.API\WorkOrderApplication.API.csproj]
D:\WorkOrderApplication.API 6\WorkOrderApplication.API 6\WorkOrderApplication.API\Endpoints\OrderProcessEndpoints.cs(195,43): error CS1061: 'WorkOrder' does not contain a definition for 'CreatedBy' and no accessible extension method 'CreatedBy' accepting a first argument of type 'WorkOrder' could be found (are you missing a using directive or an assembly reference?) [D:\WorkOrderApplication.API 6\WorkOrderApplication.API 6\WorkOrderApplication.API\WorkOrderApplication.API.csproj]

Build FAILED.

D:\WorkOrderApplication.API 6\WorkOrderApplication.API 6\WorkOrderApplication.API\Mappings\OrderProcessMapping.cs(20,13): warning CS8604: Possible null reference argument for parameter 'WorkOrder' in 'OrderProcessDetailsDto.OrderProcessDetailsDto(int Id, string OrderNumber, DateTime CreatedDate, DateTime? TimeToUse, string Status, int CreatedByUserId, string CreatedByName, int WorkOrderId, WorkOrderDetailsDto WorkOrder, List<OrderMaterialDetailsDto> OrderMaterials, ConfirmProcessDetailsDto? ConfirmProcess, PreparingProcessDetailsDto? PreparingProcess, ShipmentProcessDto? ShipmentProcess, ReceivedProcessDetailsDto? Receive, CancelledProcessDetailsDto? CancelledProcess, ReturnProcessDetailsDto? ReturnProcess, string? ShortageReason)'. [D:\WorkOrderApplication.API 6\WorkOrderApplication.API 6\WorkOrderApplication.API\WorkOrderApplication.API.csproj]
D:\WorkOrderApplication.API 6\WorkOrderApplication.API 6\WorkOrderApplication.API\Mappings\WorkOrderMapping.cs(25,16): error CS1729: 'WorkOrderDetailsDto' does not contain a constructor that takes 14 arguments [D:\WorkOrderApplication.API 6\WorkOrderApplication.API 6\WorkOrderApplication.API\WorkOrderApplication.API.csproj]
D:\WorkOrderApplication.API 6\WorkOrderApplication.API 6\WorkOrderApplication.API\Endpoints\OrderProcessEndpoints.cs(195,43): error CS1061: 'WorkOrder' does not contain a definition for 'CreatedBy' and no accessible extension method 'CreatedBy' accepting a first argument of type 'WorkOrder' could be found (are you missing a using directive or an assembly reference?) [D:\WorkOrderApplication.API 6\WorkOrderApplication.API 6\WorkOrderApplication.API\WorkOrderApplication.API.csproj]
    1 Warning(s)
    2 Error(s)

Time Elapsed 00:00:05.01
